[  00000] itiazi croupubs puse
[  .0000]nitiizg grousuys c
  0.0000Intialincgoupsuyspuac
   0000]Linuveio 4.4-1-genicbuil@l01amd602 (gcveio 5.0010609Ubtu5.4.6untu16..9 ) #14Ubtu SMPoneb12 2:204TC 201(Untu 4.11.140enic 4.9
    0000] mmd in: OTMAGEbo/vlinu4.0-16-ger rot=LELlodimgoos o cooltty1onlettyS0   0.000 KERL pprt cs:
[   0.000]  nt Gnuinnt
    0000] AMAuheicD
[  00000] Ceau Cenuruls  0.0000x8/fpuxsteoffs[2  76, ta_sizs[: 56
  0.0000 x/fu: Spoin XSA feare 01:x8 floinpontegtes'
  0.0000x8fp: SuorngXSAVfeure 02'SE rests'
[  00000]x8fp SuprtngSAVEeaure 004 'AVrestrs'  0.0000]86fpu:naedxsatfetures 0x, ntt si i83 byts,si 'stda' orma.   0.000 x6/fp: in 'la' U ontet ites.  0.0000 e0: BOSroded hyca RAMap
[   0000]BI-e0:[memx000000000000x00000009bff]sale
[  0.000] BIO-e820[mm 0x0000009f00x0000000ff] rerv
    0.00000]IO-e820:me0x000000f000-00000000fffreerd[   0.00] BI-e0:[mem0x0000001000x0000000fffff]sae
[  00000]BI-e0: [m 0000003ff0000x000000ffff] APIat
[    0.000]BIS-e820: [mem 0x00000000fec00000-0x00000000fec00fff] reserved
[    0.000000] BIOS-e820 [m 0000000fee0000x000000f00f] rerd
[  00000]IOe80: [emx00000ff00-0x00000000fffffff] reserved
[   .0000]NX (xete Dsae)roteti: ctiv
[  .00000SMOS 2 pset.
  0.00000]ypviorette: KV
[    .0000] e20la_pfn= 3ff0 m_ah_fn = 0000000[  0.000] RR: Disabd[   0.000]x86/AT MTR disle sippi P iitialatn oo.[   0.00000] PUTR al blk  vtualedsytem.
[    00000] x8/P: onfiurtin 0-7] W W UC-UCWB WT C-UC 
[  .0000]ou SP MPtae  [me 000ff0-x09fff mapp a[fff88009f0]
[    0.0000] caing ars orowemry cruio
  0.0000] RAMDISK:[mem 0x36aaa0-0374cff]   0.0000]CPI:Eary bl cheks vrifitin sabl
  0.00] CPI:RS 0000000000000004 v02 BO )
[   0000] API XT x000003F0030 0003Cv0VBOX  OXDT 00001SL  0006
[   00000]AC: ACP x00000FFF00F000F (v04 VBO  OXACP 0001AS 00061)[  00000] PI: DST 00000003FF700021F 02VBOX   BOIO000000IN 201058)[   0.000] ACP: CS0x000000FF020 0004
[  0.00] CP FCSx00000FF02000004
   0.000] PI: APC 0000003FF00 0005(v02VB   VXAC 0000001 SL 00000)[   0.00] ACI:SD0x000003FFFA0 000C 01VBOX VXCPU00002 IN 20028)  0.000000]NoUMconfgurationfod
[  .0000]Faina ode  [m x00000000000-000003ffff][   .00000 NODDA(0 allcad mem x3eb0-0xfeff
[  000000] m-oc: Usin ms b5641 d 4b640[   0.000] k-coc cpu, r :3fe01primrycp coc
[   .000] kv-cckusin sedffset  34257390 cls
[   0.0000] ocouce: m-ock: sk0xffffffffff m_cles:x1424dfbmaidles:81905983s
[  .0000]onrages:
  .00000  MA    me0x0000000010-0000000fff]
  0.0000  MA2   [m 00000001000-0x00000fefff][   .000   Nrm  mpty[  0.000] Device  mpy[   .000] Moblzoe strtorach od
  0.0000] rl memryodranges[   0.000]  no  : mem 0000000000000x00000009fff]
  0.0000] noe  0: [m 000000010000x000000fefff]
[  .0000]Intmemsep de 0 [emx000000000-0x000003fffff
[    0.000000] ACPI: PM-Timer IO Port: 0x4008
[    0.0000] IAPIC]:apicid2,erio32adressxfc000, SI-2
[  0.0000] PIIN_SRCOVR(b 0 bs_q glob_i 2dfl fl
[  0.00] CPI:NTRCOVR bu0 usir9 obl_ir 9loleel)   0.000] singACI (MT) fr P nfigatn inorti
[  00000] mpotAlllowing 2CP,  holuCPs
[   0000] P: gierednoveemor [m x00000x00000f][    0.000000] P: gierednoveemor [emx000f00-x009fff]
[  0000000] PM: Restrenosa mor: [m 000a000-000fff]  0.0000 P: Restednoveemry: me 000f00-00ffff]    0.00] e80:me0x4000-0febfffavailae fo PI vices[   00000]ootingparartlied knel on M
[  .0000]losorce:renejiffesmak:0xfffff x_cyces0xffff, x_dle_s:7651602168ns
[    0.000 stup_rcu:R_CPS:2 _cpuskit:512nrpuid:2nrno_is:1
[   0.0000] PECPU: mbdd 34 ag/c @ffff00c0000 s544 r81 d312810576[  00000] V pinlckastabl eri: 25(oer 0, 96ytes)   0.000 Built zelsts n derder mily grupngn. Totl pages:25793[   0.00000] Policy zone: DMA32[   0.000]Kenel omanlie: BOTMA=/boot/vmlinz-4.116-enericro=LBEL=oumgroots o nsole=tycosole=yS
[    .000] ID hshabe enri: 96 (rd: , 3268yt)
[  00000] emry 100640K1012 available (8530KK kernel code, 1309K rwdata, 3992K rodata, 1508K init, 1316K bss, 46480K reserved, 0K cma-reserved)
[    0.000000] SLUB: HWalign=64, Order=0-3, MinObjct=0 CUs2, Nde1[   .000] KeneUs pag tle isotin:enabled
[    .000 HierachalRCU iplention
  .00000 	il-timadusment o lf anou t64
[   .000] RCretrctin CUsrom NRCP=512 to n_cu_id2.[   0.000]RCU:Adstg geomtr f rcu_fautleaf4,r_pu_is=
[   0.0000NRIRQS:30 nirqs4416
[   0000] Cso: olouVG 8x2
[  .0000]onole ty] naled
[  000000] csoe ttyS] abd
[  00000] tsc: Detected 3600.000 MHz processor
[   25.779965] Calibrating delay loop (skipped) preset value.. 7200.00 BogoMIPS (lpj=14400000)
[   25.995553] pid_max: default: 32768 minimum: 301
[   26.100315] ACPI: Core revision 20150930
[   26.200725] ACPI: 2 ACPI AML tables successfully acquired and loaded
[   26.273987] Security Framework initialized
[   26.280209] Yama: becoming mindful.
[   26.350366] AppArmor: AppArmor initialized
[   26.443748] Dentry cache hash table entries: 131072 (order: 8, 1048576 bytes)
[   26.539759] Inode-cache hash table entries: 65536 (order: 7, 524288 bytes)
[   26.703914] Mount-cache hash table entries: 2048 (order: 2, 16384 bytes)
[   26.719321] Mountpoint-cache hash table entries: 2048 (order: 2, 16384 bytes)
[   26.720292] Initializing cgroup subsys io
[   26.730846] Initializing cgroup subsys memory
[   26.812664] Initializing cgroup subsys devices
[   26.916400] Initializing cgroup subsys freezer
[   26.917011] Initializing cgroup subsys net_cls
[   26.923919] Initializing cgroup subsys perf_event
[   27.036388] Initializing cgroup subsys net_prio
[   27.147470] Initializing cgroup subsys hugetlb
[   27.148054] Initializing cgroup subsys pids
[   27.148709] CPU: Physical Processor ID: 0
[   27.149274] CPU: Processor Core ID: 0
[   27.149817] FEATURE SPEC_CTRL Not Present
[   27.240198] mce: CPU supports 0 MCE banks
[   27.312472] Last level iTLB entries: 4KB 64, 2MB 8, 4MB 8
[   27.439809] Last level dTLB entries: 4KB 64, 2MB 0, 4MB 0, 1GB 4
[   27.460239] Spectre V2 mitigation: Mitigation: Full generic retpoline
[   27.461059] Spectre V2 mitigation: Speculation control IBPB not-supported IBRS not-supported
[   27.501654] Freeing SMP alternatives memory: 32K
[   27.611831] ftrace: allocating 32186 entries in 126 pages
[   27.746547] smpboot: APIC(0) Converting physical 0 to logical package 0
[   27.820050] smpboot: Max logical packages: 1
[   27.821194] x2apic enabled
[   27.822048] Switched APIC routing to physical x2apic.
[   27.824180] ..TIMER: vector=0x30 apic1=0 pin1=2 apic2=-1 pin2=-1
[   28.083745] smpboot: CPU0: Intel(R) Core(TM) i7-7700 CPU @ 3.60GHz (family: 0x6, model: 0x9e, stepping: 0x9)
[   28.296000] Performance Events: unsupported p6 CPU model 158 no PMU driver, software events only.
[   28.488318] KVM setup paravirtual spinlock
[   28.489462] x86: Booting SMP configuration:
[   28.490024] .... node  #0, CPUs:      #1
[   28.512139] kvm-clock: cpu 1, msr 0:3ffe3041, secondary cpu clock
[   28.541483] mce: CPU supports 0 MCE banks
[   28.543937] x86: Booted up 1 node, 2 CPUs
[   28.618173] smpboot: Total of 2 processors activated (14400.00 BogoMIPS)
[   28.755211] devtmpfs: initialized
[   28.821956] evm: security.selinux
[   28.873234] evm: security.SMACK64
[   28.940772] evm: security.SMACK64EXEC
[   28.992659] evm: security.SMACK64TRANSMUTE
[   29.089196] evm: security.SMACK64MMAP
[   29.180008] evm: security.ima
[   29.248536] evm: security.capability
[   29.317972] clocksource: jiffies: mask: 0xffffffff max_cycles: 0xffffffff, max_idle_ns: 7645041785100000 ns
[   29.529565] futex hash table entries: 512 (order: 3, 32768 bytes)
[   29.626846] pinctrl core: initialized pinctrl subsystem
[   29.658376] RTC time:  6:06:42, date: 03/25/18
[   29.688531] NET: Registered protocol family 16
[   29.700013] cpuidle: using governor ladder
[   29.804295] cpuidle: using governor menu
[   29.860791] PCCT header not found.
[   29.905496] ACPI: bus type PCI registered
[   29.973520] acpiphp: ACPI Hot Plug PCI Controller Driver version: 0.5
[   30.121484] PCI: Using configuration type 1 for base access
[   30.133515] ACPI: Added _OSI(Module Device)
[   30.216688] ACPI: Added _OSI(Processor Device)
[   30.305979] ACPI: Added _OSI(3.0 _SCP Extensions)
[   30.371608] ACPI: Added _OSI(Processor Aggregator Device)
[   30.485574] ACPI: Executed 1 blocks of module-level executable AML code
[   30.558634] ACPI: Interpreter enabled
[   30.581710] ACPI: (supports S0 S5)
[   30.640767] ACPI: Using IOAPIC for interrupt routing
[   30.737756] PCI: Using host bridge windows from ACPI; if necessary, use "pci=nocrs" and report a bug
[   30.923269] ACPI: PCI Root Bridge [PCI0] (domain 0000 [bus 00-ff])
[   31.035067] acpi PNP0A03:00: _OSC: OS supports [ASPM ClockPM Segments MSI]
[   31.081438] acpi PNP0A03:00: _OSC: not requesting OS control; OS requires [ExtendedConfig ASPM ClockPM MSI]
[   31.082743] acpi PNP0A03:00: fail to add MMCONFIG information, can't access extended PCI configuration space under this bridge.
[   31.114884] PCI host bridge to bus 0000:00
[   31.115640] pci_bus 0000:00: root bus resource [io  0x0000-0x0cf7 window]
[   31.213001] pci_bus 0000:00: root bus resource [io  0x0d00-0xffff window]
[   31.362165] pci_bus 0000:00: root bus resource [mem 0x000a0000-0x000bffff window]
[   31.498878] pci_bus 0000:00: root bus resource [mem 0x40000000-0xfdffffff window]
[   31.629763] pci_bus 0000:00: root bus resource [bus 00-ff]
[   31.737707] pci 0000:00:01.1: legacy IDE quirk: reg 0x10: [io  0x01f0-0x01f7]
[   31.818293] pci 0000:00:01.1: legacy IDE quirk: reg 0x14: [io  0x03f6]
[   31.863748] pci 0000:00:01.1: legacy IDE quirk: reg 0x18: [io  0x0170-0x0177]
[   31.969709] pci 0000:00:01.1: legacy IDE quirk: reg 0x1c: [io  0x0376]
[   32.079235] pci 0000:00:07.0: quirk: [io  0x4000-0x403f] claimed by PIIX4 ACPI
[   32.165140] pci 0000:00:07.0: quirk: [io  0x4100-0x410f] claimed by PIIX4 SMB
[   32.281091] ACPI: PCI Interrupt Link [LNKA] (IRQs 5 9 10 *11)
[   32.405740] ACPI: PCI Interrupt Link [LNKB] (IRQs 5 9 *10 11)
[   32.526091] ACPI: PCI Interrupt Link [LNKC] (IRQs 5 *9 10 11)
[   32.620780] ACPI: PCI Interrupt Link [LNKD] (IRQs 5 9 10 *11)
[   32.646524] ACPI: Enabled 2 GPEs in block 00 to 07
[   32.647461] vgaarb: setting as boot device: PCI:0000:00:02.0
[   32.648186] vgaarb: device added: PCI:0000:00:02.0,decodes=io+mem,owns=io+mem,locks=none
[   32.649313] vgaarb: loaded
[   32.649739] vgaarb: bridge control possible 0000:00:02.0
[   32.654152] SCSI subsystem initialized
[   32.658220] ACPI: bus type USB registered
[   32.658797] usbcore: registered new interface driver usbfs
[   32.708932] usbcore: registered new interface driver hub
[   32.709666] usbcore: registered new device driver usb
[   32.716939] PCI: Using ACPI for IRQ routing
[   32.726437] NetLabel: Initializing
[   32.726930] NetLabel:  domain hash size = 128
[   32.746480] NetLabel:  protocols = UNLABELED CIPSOv4
[   32.747126] NetLabel:  unlabeled traffic allowed by default
[   32.835002] amd_nb: Cannot enumerate AMD northbridges
[   32.835721] clocksource: Switched to clocksource kvm-clock
[   32.852757] AppArmor: AppArmor Filesystem Enabled
[   32.859154] pnp: PnP ACPI init
[   32.860199] pnp: PnP PIfod deic
[  31028 ccksoceac_p msk0xffffaxycs:xfff m_ie_: 8510 n
  4.80] T:egted otol fil2
[ 36549TCesblheha tlentes81 (rd:  636yt)
[  35305]CPbi hh blenie 82 rd: , 10 bte
  36021]CPHashtabl cfire(eabsh 82 nd19
  7.51] P ash tale etrs:12orr:, 1638bys)[ 37853]DPitha tlentes51(oer 2164 te
  8.4672NE Risreproc fil1  8.9682pc00:000: mingirt CI/P tnsrs[ 391961pc00:001: titi I D hg rkous   4.46994Unckngniam..

[ 423755 Feinginrdemy:08K  2.75] atrmtccm: gier ptfm C vic(n PNPeve un
  3.03] anngorowemrycouponve 6send
[  442416]tsc:ReneTSclksrccabrio 30.7 z
[   45.1323] closocets mk:xffffffffff axycs:x3539e, axdlns449597 n

[   5.036]ud: itlingnetlnkubs isle
[   45.103615] audit: type=2000 audit(1521957990.454:1): initialized
[   45.103823] Initialise system trusted keyring
[   45.103881] HugeTLB registered 2 MB page size, pre-allocated 0 pages
[   45.104941] zbud: loaded
[   45.105192] VFS: Disk quotas dquot_6.6.0
[   45.105211] VFS: Dquot-cache hash table entries: 512 (order 0, 4096 bytes)
[   45.105370] squashfs: version 4.0 (2009/01/31) Phillip Lougher
[   45.105501] fuse init (API version 7.23)
[   45.105573] Key type big_key registered
[   45.105581] Allocating IMA MOK and blacklist keyrings.
[   45.105694] Key type asymmetric registered
[   45.105695] Asymmetric key parser 'x509' registered
[   45.105715] Block layer SCSI generic (bsg) driver version 0.4 loaded (major 249)
[   45.105726] io scheduler noop registered
[   45.105728] io scheduler deadline registered (default)
[   45.105757] io scheduler cfq registered
[   45.105814] pci_hotplug: PCI Hot Plug PCI Core version: 0.5
[   45.105818] pciehp: PCI Express Hot Plug Controller Driver version: 0.4
[   45.105903] ACPI: AC Adapter [AC] (on-line)
[   45.105935] input: Power Button as /devices/LNXSYSTM:00/LNXPWRBN:00/input/input0
[   45.105937] ACPI: Power Button [PWRF]
[   45.105981] input: Sleep Button as /devices/LNXSYSTM:00/LNXSLPBN:00/input/input1
[   45.105982] ACPI: Sleep Button [SLPF]
[   45.106065] GHES: HEST is not enabled!
[   45.106120] Serial: 8250/16550 driver, 32 ports, IRQ sharing enabled
[   46.173334] 00:02: ttyS0 at I/O 0x3f8 (irq = 4, base_baud = 115200) is a 16550A
[   46.790659] Linux agpgart interface v0.103
[   46.838527] loop: module loaded
[   46.838871] scsi host0: ata_piix
[   46.838916] scsi host1: ata_piix
[   46.838937] ata1: PATA max UDMA/33 cmd 0x1f0 ctl 0x3f6 bmdma 0xd000 irq 14
[   46.838938] ata2: PATA max UDMA/33 cmd 0x170 ctl 0x376 bmdma 0xd008 irq 15
[   46.838987] libphy: Fixed MDIO Bus: probed
[   46.838989] tun: Universal TUN/TAP device driver, 1.6
[   46.838989] tun: (C) 1999-2004 Max Krasnyansky <maxk@qualcomm.com>
[   46.839212] PPP generic driver version 2.4.2
[   46.839247] ehci_hcd: USB 2.0 'Enhanced' Host Controller (EHCI) Driver
[   46.839249] ehci-pci: EHCI PCI platform driver
[   46.839254] ehci-platform: EHCI generic platform driver
[   46.839260] ohci_hcd: USB 1.1 'Open' Host Controller (OHCI) Driver
[   46.839261] ohci-pci: OHCI PCI platform driver
[   46.839266] ohci-platform: OHCI generic platform driver
[   46.839271] uhci_hcd: USB Universal Host Controller Interface driver
[   46.839305] i8042: PNP: PS/2 Controller [PNP0303:PS2K,PNP0f03:PS2M] at 0x60,0x64 irq 1,12
[   46.853618] serio: i8042 KBD port at 0x60,0x64 irq 1
[   46.853622] serio: i8042 AUX port at 0x60,0x64 irq 12
[   46.853708] mousedev: PS/2 mouse device common for all mice
[   46.853918] rtc_cmos rtc_cmos: rtc core: registered rtc_cmos as rtc0
[   46.853965] rtc_cmos rtc_cmos: alarms up to one day, 114 bytes nvram
[   46.853970] i2c /dev entries driver
[   46.854006] device-mapper: uevent: version 1.0.3
[   46.854039] device-mapper: ioctl: 4.34.0-ioctl (2015-10-28) initialised: dm-devel@redhat.com
[   46.854054] ledtrig-cpu: registered to indicate activity on CPUs
[   46.854227] NET: Registered protocol family 10
[   46.854315] NET: Registered protocol family 17
[   46.854323] Key type dns_resolver registered
[   46.876517] microcode: CPU0 sig=0x906e9, pf=0x2, revision=0x0
[   46.876589] microcode: CPU1 sig=0x906e9, pf=0x2, revision=0x0
[   46.876665] microcode: Microcode Update Driver: v2.01 <tigran@aivazian.fsnet.co.uk>, Peter Oruba
[   46.876817] registered taskstats version 1
[   46.876826] Loading compiled-in X.509 certificates
[   46.877261] Loaded X.509 cert 'Build time autogenerated kernel key: aa84f01984fbd529c105810b59e379d349698248'
[   46.877275] zswap: loaded using pool lzo/zbud
[   46.878599] Key type trusted registered
[   46.880246] Key type encrypted registered
[   46.880248] AppArmor: AppArmor sha1 policy hashing enabled
[   46.880250] ima: No TPM chip found, activating TPM-bypass!
[   46.880259] evm: HMAC attrs: 0x1
[   46.880412]   Magic number: 10:558:115
[   46.894335] rtc_cmos rtc_cmos: setting system clock to 2018-03-25 06:06:59 UTC (1521958019)
[   46.894453] BIOS EDD facility v0.16 2004-Jun-25, 0 devices found
[   46.894453] EDD information not available.
[   47.021770] input: AT Translated Set 2 keyboard as /devices/platform/i8042/serio0/input/input2
[   50.688183] Freeing unused kernel memory: 1508K
[   50.705708] Write protecting the kernel read-only data: 14336k
[   50.727027] Freeing unused kernel memory: 1700K
[   50.729100] Freeing unused kernel memory: 104K
Loading, please wait...
starting version 229
[   50.763553] random: systemd-udevd: uninitialized urandom read (16 bytes read, 7 bits of entropy available)
[   50.764349] random: udevadm: uninitialized urandom read (16 bytes read, 7 bits of entropy available)
[   50.764364] random: udevadm: uninitialized urandom read (16 bytes read, 7 bits of entropy available)
[   50.769402] random: udevadm: uninitialized urandom read (16 bytes read, 7 bits of entropy available)
[   50.769429] random: udevadm: uninitialized urandom read (16 bytes read, 7 bits of entropy available)
[   50.769513] random: udevadm: uninitialized urandom read (16 bytes read, 7 bits of entropy available)
[   50.769544] random: udevadm: uninitialized urandom read (16 bytes read, 7 bits of entropy available)
[   50.769574] random: udevadm: uninitialized urandom read (16 bytes read, 7 bits of entropy available)
[   50.769603] random: udevadm: uninitialized urandom read (16 bytes read, 7 bits of entropy available)
[   50.769633] random: udevadm: uninitialized urandom read (16 bytes read, 7 bits of entropy available)
[   51.208537] Fusion MPT base driver 3.04.20
[   51.222085] Copyright (c) 1999-2008 LSI Corporation
[   51.232003] e1000: Intel(R) PRO/1000 Network Driver - version 7.3.21-k8-NAPI
[   51.237028] e1000: Copyright (c) 1999-2006 Intel Corporation.
[   51.261100] AVX2 version of gcm_enc/dec engaged.
[   51.263492] AES CTR mode by8 optimization enabled
[   51.270369] Fusion MPT SPI Host driver 3.04.20
[   51.446417] input: ImExPS/2 Generic Explorer Mouse as /devices/platform/i8042/serio1/input/input4
[   51.596945] e1000 0000:00:03.0 eth0: (PCI:33MHz:32-bit) 02:8e:6d:ef:3b:89
[   51.796486] e1000 0000:00:03.0 eth0: Intel(R) PRO/1000 Network Connection
[   51.934427] mptbase: ioc0: Initiating bringup
[   52.026561] e1000 0000:00:03.0 enp0s3: renamed from eth0
[   52.211477] ioc0: LSI53C1030 A0: Capabilities={Initiator}
[   53.302477] scsi host2: ioc0: LSI53C1030 A0, FwRev=00000000h, Ports=1, MaxQ=256, IRQ=20
[   54.132344] scsi 2:0:0:0: Direct-Access     VBOX     HARDDISK         1.0  PQ: 0 ANSI: 5
[   54.211604] scsi target2:0:0: Beginning Domain Validation
[   54.288284] floppy0: no floppy controllers found
[   54.330739] work still pending
[   54.331399] scsi target2:0:0: Domain Validation skipping write tests
[   54.331400] scsi target2:0:0: Ending Domain Validation
[   54.331435] scsi target2:0:0: asynchronous
[   54.428305] scsi 2:0:1:0: Direct-Access     VBOX     HARDDISK         1.0  PQ: 0 ANSI: 5
[   54.428310] scsi target2:0:1: Beginning Domain Validation
[   54.429616] scsi target2:0:1: Domain Validation skipping write tests
[   54.429617] scsi target2:0:1: Ending Domain Validation
[   54.429648] scsi target2:0:1: asynchronous
[   54.483307] sd 2:0:0:0: [sda] 20971520 512-byte logical blocks: (10.7 GB/10.0 GiB)
[   54.483511] sd 2:0:0:0: [sda] Write Protect is off
[   54.483620] sd 2:0:0:0: [sda] Incomplete mode parameter data
[   54.483621] sd 2:0:0:0: [sda] Assuming drive cache: write through
[   54.556059] sd 2:0:0:0: Attached scsi generic sg0 type 0
[   54.556248] sd 2:0:1:0: Attached scsi generic sg1 type 0
[   54.556800] sd 2:0:1:0: [sdb] 20480 512-byte logical blocks: (10.5 MB/10.0 MiB)
[   54.557021] sd 2:0:1:0: [sdb] Write Protect is off
[   54.557087] sd 2:0:1:0: [sdb] Incomplete mode parameter data
[   54.557088] sd 2:0:1:0: [sdb] Assuming drive cache: write through
[   54.557425]  sda: sda1
[   54.558152] sd 2:0:0:0: [sda] Attached SCSI disk
[   54.587533] sd 2:0:1:0: [sdb] Attached SCSI disk
Begin: Loading e[   56.286281] md: linear personality registered for level -1
ssential drivers[   56.402542] md: multipath personality registered for level -4
 ... [   56.506509] md: raid0 personality registered for level 0
[   56.591866] md: raid1 personality registered for level 1
[   56.671749] raid6: sse2x1   gen() 12361 MB/s
[   56.816150] raid6: sse2x1   xor()  8916 MB/s
[   56.972041] raid6: sse2x2   gen() 14341 MB/s
[   57.131952] raid6: sse2x2   xor() 10403 MB/s
[   57.215735] raid6: sse2x4   gen() 18074 MB/s
[   57.307926] raid6: sse2x4   xor() 11216 MB/s
[   57.435814] raid6: avx2x1   gen() 25346 MB/s
[   57.583724] raid6: avx2x2   gen() 28085 MB/s
[   57.740125] raid6: avx2x4   gen() 30892 MB/s
[   57.842123] raid6: using algorithm avx2x4 gen() 30892 MB/s
[   57.842824] raid6: using avx2x2 recovery algorithm
[   57.844601] xor: automatically using best checksumming function:
[   57.988223]    avx       : 24022.000 MB/sec
[   58.018046] async_tx: api initialized (async)
[   58.043812] md: raid6 personality registered for level 6
[   58.104019] md: raid5 personality registered for level 5
[   58.190127] md: raid4 personality registered for level 4
[   58.297756] md: raid10 personality registered for level 10
done.
Begin: Running /scripts/init-p[   58.391629] Btrfs loaded
remount ... done.
Begin: Mounting root file system ... Begin: Running /scripts/local-top ... done.
Begin: Running /scripts/local-premount ... Scanning for Btrfs filesystems
done.
Warning: fsck not present, so sk[   58.468419] EXT4-fs (sda1): mounted filesystem with ordered data mode. Opts: (null)
ipping root file system
done.
Begin: Running /scripts/local-bottom ... done.
Begin: Running /scripts/init-bottom ... done.
[   58.796172] systemd[1]: systemd 229 running in system mode. (+PAM +AUDIT +SELINUX +IMA +APPARMOR +SMACK +SYSVINIT +UTMP +LIBCRYPTSETUP +GCRYPT +GNUTLS +ACL +XZ -LZ4 +SECCOMP +BLKID +ELFUTILS +KMOD -IDN)
[   59.137812] systemd[1]: Detected virtualization oracle.
[   59.157829] systemd[1]: Detected architecture x86-64.

Welcome to [1mUbuntu 16.04.4 LTS[0m!

[   59.200773] systemd[1]: Set hostname to <ubuntu>.
[ 5933351]ysmd1]: itling macinIDroraomenat.
[   60.029069] systemd[1]: Installed transient /etc/machine-id file.
[   60.132846] random: nonblocking pool is initialized
[   60.377174] systemd[1]: Listening on Device-mapper event daemon FIFOs.
[[0;32m  OK  [0m] Listening on Device-mapper event daemon FIFOs.
[ 6060035]ysmd1]Crtesle st Slie.
[[0;32m  OK  [0m] Created slice System Slice.
[   1.764]ysmd]:reed slcesystm-ri\xgey.ic
[[0;32m  OK  [0m] Created slice system-serial\x2dgetty.slice.
[   61.832704] systemd[1]: Created slice User and Session Slice.
[[0;32m  OK  [0m] Created slice User and Session Slice.
[   61.840131] systemd[1]: Started Trigger resolvconf update for networkd DNS.
[[0;32m  OK  [0m] Started Trigger resolvconf update for networkd DNS.
[   61.992137] systemd[1]: Listening on /dev/initctl Compatibility Named Pipe.
[[0;32m  OK  [0m] Listening on /dev/initctl Compatibility Named Pipe.
[   62.080297] systemd[1]: Listening on Syslog Socket.
[[0;32m  OK  [0m] Listening on Syslog Socket.
[   62.207834] systemd[1]: Set up automount Arbitrary Executable File Formats File System Automount Point.
[[0;32m  OK  [0m] Set up automount Arbitrary Executab...ats File System Automount Point.
[   62.412233] systemd[1]: Reached target Slices.
[[0;32m  OK  [0m] Reached target Slices.
[   62.480383] systemd[1]: Listening on Journal Socket (/dev/log).
[[0;32m  OK  [0m] Listening on Journal Socket (/dev/log).
[   62.540190] systemd[1]: Reached target Encrypted Volumes.
[[0;32m  OK  [0m] Reached target Encrypted Volumes.
[   62.695970] systemd[1]: Reached target User and Group Name Lookups.
[[0;32m  OK  [0m] Reached target User and Group Name Lookups.
[   62.852993] systemd[1]: Reached target Swap.
[[0;32m  OK  [0m] Reached target Swap.
[   62.992278] systemd[1]: Listening on LVM2 metadata daemon socket.
[[0;32m  OK  [0m] Listening on LVM2 metadata daemon socket.
[   63.096068] systemd[1]: Started Forward Password Requests to Wall Directory Watch.
[[0;32m  OK  [0m] Started Forward Password Requests to Wall Directory Watch.
[   63.240087] systemd[1]: Listening on udev Kernel Socket.
[[0;32m  OK  [0m] Listening on udev Kernel Socket.
[   63.340244] systemd[1]: Listening on Journal Audit Socket.
[[0;32m  OK  [0m] Listening on Journal Audit Socket.
[   63.488082] systemd[1]: Listening on udev Control Socket.
[[0;32m  OK  [0m] Listening on udev Control Socket.
[   63.540717] systemd[1]: Listening on Journal Socket.
[[0;32m  OK  [0m] Listening on Journal Socket.
[   63.587817] systemd[1]: Starting Journal Service...
         Starting Journal Service...
[   63.637355] systemd[1]: Starting Create list of required static device nodes for the current kernel...
         Starting Create list of required st... nodes for the current kernel...
[   63.639835] systemd[1]: Starting Remount Root and Kernel File Systems...
         Starting Remount Root and Kernel File Systems...
[   63.652207] systemd[1]: Mounting Debug File System...
         Mountin[   63.722215] EXT4-fs (sda1): re-mounted. Opts: (null)
g Debug File System...
[   63.884037] systemd[1]: Starting Set console keymap...
         Starting Set console keymap...
[   63.975814] systemd[1]: Mounting Huge Pages File System...
         Mounting Huge Pages File System...
[   64.076139] systemd[1]: Starting Monitoring of LVM2 mirrors, snapshots etc. using dmeventd or progress polling...
         Starting Monitoring of LVM2 mirrors... dmeventd or progress polling...
[   64.199851] systemd[1]: Mounting POSIX Message Queue File System...
         Mounting POSIX Message Queue File System...
[   64.356459] systemd[1]: Starting Uncomplicated firewall...
         Starting Uncomplicated firewall...
[   4.488211] systemd[1]: Starting Load Kernel Modules...
         Starting Load Ke[   64.636509] Loading iSCSI transport class v2.0-870.
rnel Modules...[   64.740001] iscsi: registered transport (tcp)

[   64.763972] systemd[1]: Starting Nameserver information manager...
         Starting Nameser[   64.903070] iscsi: registered transport (iser)
ver information manager...
[   5.04705]ysemd[: stin on VMpo demon ocke.
[[0;32m  OK  [0m] Listening on LVM2 poll daemon socket.
[   65.653 sted[1]MoteDeg ile yste.
[[0;32m  OK  [0m] Mounted Debug File System.
[ 66797]ysem[1 Mntd Hue Pas le Ste
[[0;32m  OK  [0m] Mounted Huge Pages File System.
[   66.757884] systemd[1]: ouedPOSIMeagQue leSyte
[[0;32m  OK  [0m] Mounted POSIX Message Queue File System.
[ 67162]ysmd[1]: Started Journal Service.
[[0;32m  OK  [0m] Started Journal Service.
[[0;32m  OK  [0m] Started Create list of required sta...ce nodes for the current kernel.
[[0;32m  OK  [0m] Started Remount Root and Kernel File Systems.
[[0;32m  OK  [0m] Started Set console keymap.
[[0;32m  OK  [0m] Started Uncomplicated firewall.
[[0;32m  OK  [0m] Started Load Kernel Modules.
[[0;32m  OK  [0m] Started Nameserver information manager.
[[0;32m  OK  [0m] Started LVM2 metadata daemon.
         Starting Apply Kernel Variables...
         Mounting FUSE Control File System...
         Starting Load/Save Random Seed...
         Starting udev Coldplug all Devices...
         Starting Initial cloud-init job (pre-networking)...
         Starting Create Static Device Nodes in /dev...
         Starting Flush Journal to Persistent Storage...
[[0;32m  OK  [0m] Mounted FUSE Control File System.
[[0;32m  OK  [0m] Started Apply Kernel Variables.
[[0;32m  OK  [0m] Started Load/Save Random Seed.
[[0;32m  OK  [0m] Started Monitoring of LVM2 mirrors,...ng dmeventd or progress polling.
[[0;32m  OK  [0m] Started Create Static Device Nodes in /dev.
[[0;32m  OK  [0m] Started udev Coldplug all Devices.
         Starting udev Kernel Device Manager...
[[0;32m  OK  [0m] Started Flush Journal to Persistent Storage.
[[0;32m  OK  [0m] Started udev Kernel Device Manager.
[[0;32m  OK  [0m] Started Dispatch Password Requests to Console Directory Watch.
[[0;32m  OK  [0m] Reached target Local File Systems (Pre).
[[0;32m  OK  [0m] Reached target Local File Systems.
         Starting Tell Plymouth To Write Out Runtime Data...
         Starting Set console font and keymap...
         Starting Commit a transient machine-id on disk...
         Starting LSB: AppArmor initialization...
         Starting Create Volatile Files and Directories...
[[0;32m  OK  [0m] Started Tell Plymouth To Write Out Runtime Data.
[[0;32m  OK  [0m] Started Commit a transient machine-id on disk.
[[0;32m  OK  [0m] Found device /dev/ttyS0.
[[0;32m  OK  [0m] Started Create Volatile Files and Directories.
         Starting Update UTMP about System Boot/Shutdown...
[[0;32m  OK  [0m] Reached target System Time Synchronized.
[[0;32m  OK  [0m] Started Update UTMP about System Boot/Shutdown.
[[0;32m  OK  [0m] Listening on Load/Save RF Kill Switch Status /dev/rfkill Watch.
[[0;32m  OK  [0m] Started LSB: AppArmor initialization.
[   37.896120] cloud-init[457]: Cloud-init v. 17.2 running 'init-local' at Sun, 25 Mar 2018 06:07:22 +0000. Up 37.39 seconds.
[[0;32m  OK  [0m] Started Set console font and keymap.
[[0;32m  OK  [0m] Started Initial cloud-init job (pre-networking).
[[0;32m  OK  [0m] Reached target Network (Pre).
[[0;32m  OK  [0m] Created slice system-getty.slice.
         Starting Raise network interfaces...
[[0;32m  OK  [0m] Started Raise network interfaces.
         Starting Initial cloud-init job (metadata service crawler)...
[[0;32m  OK  [0m] Reached target Network.
[   41.108917] cloud-init[936]: Cloud-init v. 17.2 running 'init' at Sun, 25 Mar 2018 06:07:24 +0000. Up 39.99 seconds.
[   41.160171] [cloud-init[0;32m  OK  [0m[936]: ] ci-info: +++++++++++++++++++++++++++++++++++++Net device info++++++++++++++++++++++++++++++++++++++Started Initial cloud-init job (metadata service crawler).

[   41.160465] cloud-init[936]: ci-info: +--------+------+----------------------------+---------------+-------+-------------------+
[   41.272759] [cloud-init[0;32m  OK  [0m[936]: ] ci-info: | Device |  Up  |          Address           |      Mask     | Scope |     Hw-Address    |Reached target Cloud-config availability.

[[0;32m  OK  [0m] Reached target Network is Online.
[   41.273086] cloud-init[936]: ci-info: +--------+------+----------------------------+---------------+-------+-------------------+
[   41.416434]          cloud-initStarting iSCSI initiator daemon (iscsid)...[936]: 
ci-info: | enp0s3 | True |         10.0.2.15          | 255.255.255.0 |   .   | 02:8e:6d:ef:3b:89 |
[[0;32m  OK  [0m] Reached target System Initialization.
[   41.456614] cloud-init[936]: ci-info: | enp0s3 | True | fe80::8e:6dff:feef:3b89/64 |       .       |  link | 02:8e:6d:ef:3b:89 |
[   41.648661] [cloud-init[0;32m  OK  [0m[936]: ] ci-info: |   lo   | True |         127.0.0.1          |   255.0.0.0   |   .   |         .         |Listening on UUID daemon activation socket.

[   41.649083] cloud-init[936]: ci-info: |   lo   | True |          ::1/128           |       .       |  host |         .         |
[   41.745749] [cloud-init[0;32m  OK  [0m[936]: ] ci-info: +--------+------+----------------------------+---------------+-------+-------------------+Started ACPI Events Check.

[[0;32m  OK  [0m] Reached target Paths.
[   41.746164] cloud-init[936]: ci-info: +++++++++++++++++++++++++++Route IPv4 info++++++++++++++++++++++++++++
[   41.960557] [cloud-init[0;32m  OK  [0m[936]: ] ci-info: +-------+-------------+----------+---------------+-----------+-------+Started Daily apt download activities.

[   42.144505]          cloud-initStarting LXD - unix socket.[936]: 
ci-info: | Route | Destination | Gateway  |    Genmask    | Interface | Flags |
[   42.260308] [cloud-init[0;32m  OK  [0m[936]: ] ci-info: +-------+-------------+----------+---------------+-----------+-------+Started Timer to automatically refresh installed snaps.

[[0;32m  OK  [0m] Listening on D-Bus System Message Bus Socket.
[[0;32m  OK  [0m] Started Daily apt upgrade and clean activities.
[   42.260758] cloud-init[936]: ci-info: |   0   |   0.0.0.0   | 10.0.2.2 |    0.0.0.0    |   enp0s3  |   UG  |
[   42.349696]          cloud-initStarting Socket activation for snappy daemon.[936]: 
ci-info: |   1   |   10.0.2.0  | 0.0.0.0  | 255.255.255.0 |   enp0s3  |   U   |
[   42.440475] [cloud-init[0;32m  OK  [0m[936]: ] ci-info: +-------+-------------+----------+---------------+-----------+-------+Started Daily Cleanup of Temporary Directories.

[   42.608820] [cloud-init[0;32m  OK  [0m[936]: ] Generating public/private rsa key pair.Reached target Timers.

[[0;32m  OK  [0m] Listening on ACPID Listen Socket.
[   42.609173] cloud-init[936]: Your identification has been saved in /etc/ssh/ssh_host_rsa_key.
[   42.747649] [cloud-init[0;32m  OK  [0m[936]: ] Your public key has been saved in /etc/ssh/ssh_host_rsa_key.pub.Listening on LXD - unix socket.

[[0;32m  OK  [0m] Listening on Socket activation for snappy daemon.
[[0;32m  OK  [0m] Started iSCSI initiator daemon (iscsid).
[   42.748093] cloud-init[936]: The key fingerprint is:
[   42.896422]          cloud-initStarting Login to default iSCSI targets...[936]: 
SHA256:IZnHsaElyY3ICtjwIk/zjfwx1Pc79FqiFO2tw4N88eE root@ubuntu-xenial
[   43.048625] [cloud-init[0;32m  OK  [0m[936]: ] The key's randomart image is:Reached target Sockets.

[[0;32m  OK  [0m] Reached target Basic System.
[   43.048987] cloud-init[936]: +---[RSA 2048]----+
[   43.200401] [cloud-init[0;32m  OK  [0m[936]: ] |oo . o.++        |Started Regular background program processing daemon.

[   43.200748] cloud-init[936]: |o.. o +O.+       |
[   43.239571] [cloud-init[0;32m  OK  [0m[936]: ] |o.+.  * * .      |Started FUSE filesystem for LXC.

[   43.292726] [cloud-init[0;32m  OK  [0m[936]: ] |.+.+ + o o o     |Started D-Bus System Message Bus.

[   43.293090] cloud-init[936]: |  . + + S . +    |
[   43.351866] [cloud-init[0;32m  OK  [0m[936]: ] |     . o   +.+.  |Started Unattended Upgrades Shutdown.

[   43.352265] cloud-init[936]: |      .  ..o=++. |
[   43.357028] cloud-init[936]: |         .o.=*E  |
[   43.380361] [cloud-init[0;32m  OK  [0m[936]: ] |          ..oo   |
Started Deferred execution scheduler.
[   43.381211] cloud-init[936]: +----[SHA256]-----+
[   43.432598]          cloud-initStarting /etc/rc.local Compatibility...[936]: 
Generating public/private dsa key pair.
[   43.452629] [cloud-init[0;32m  OK  [0m[936]: ] Your identification has been saved in /etc/ssh/ssh_host_dsa_key.Started ACPI event daemon.

[   43.453022] cloud-init[936]: Your public key has been saved in /etc/ssh/ssh_host_dsa_key.pub.
[   43.620279] cloud-init[936]: The key fingerprint is:
         Starting LXD - container startup/shutdown...
[   43.650973] cloud-init[936]: SHA256:DSAeSvUi4D1YJYBYxjso/9HWufrRUU2dYr7WX5+Lk54 root@ubuntu-xenial
[   43.676658] cloud-init[936]: The key's randomart image is:
[   43.708199] cloud-init[936]: +---[DSA 1024]----+
         Starting Login Service...
[   43.742164] cloud-init[936]: |++=+=..       ...|
[   43.786436] cloud-init[936]: |++=o.+ .     = ..|
[   43.791897] cloud-init[936]: | +o+o . .   + o  |
[   43.804489] cloud-init[936]: |o o...   o . .   |
[   43.844665] cloud-init[936]: |.. . . .S.o   o  |
         Starting LSB: MD monitoring daemon...
[   43.871052] cloud-init[936]: |  . . o o. . o ..|
[   43.938875] cloud-init[936]: |   . o  ... . . =|
[   43.941030] cloud-init[936]: |    .   ..   oo.o|
         Starting Snappy daemon...
[   43.956277] cloud-init[936]: |      .o.   .E...|
[   44.013163]          cloud-initStarting Accounts Service...[936]: 
+----[SHA256]-----+
[   44.025988]          Starting Pollinate to seed the pseudo random number generator...
cloud-init[936]: Generating public/private ecdsa key pair.
[   44.086332]          cloud-initStarting LSB: Record successful boot for GRUB...[936]: 
Your identification has been saved in /etc/ssh/ssh_host_ecdsa_key.
         Starting Apply the settings specified in cloud-config...
[   44.122563] cloud-init[936]: Your public key has been saved in /etc/ssh/ssh_host_ecdsa_key.pub.
         Starting System Logging Service...
[[0;32m  OK  [0m] Started /etc/rc.local Compatibility.
[[0;32m  OK  [0m] Started LXD - container startup/shutdown.
[   44.218981] cloud-init[936]: The key fingerprint is:
[   44.308499] cloud-init[936]: SHA256:2r8dKhIDSHJmlLktMb4b2nG2Khm1zzdqMCvv7TIzqW4 root@ubuntu-xenial
[   44.356375] cloud-init[[936]: [0;32m  OK  [0mThe key's randomart image is:] 
Started System Logging Service.
[   44.356809] cloud-init[936]: +---[ECDSA 256]---+
[   44.411448] cloud-init[936]: | ..o             |
[   44.420227] cloud-init[936]: |. X              |
[   44.441199] cloud-init[936]: | B *             |
[   44.441400] cloud-init[936]: |  * o            |
[[0;32m  OK  [0m] Started Login to default iSCSI targets.
[[   44.441550] cloud-init[936]: | . + .  S        |
[   44.496853] cloud-init[936]: |. B o oo         |
[   44.496945] cloud-init[936]: | = & ..o.   .    |
[   44.497063] cloud-init[936]: |=EX.= + .. o .   |
[   44.497307] cloud-init[936]: |+B+O+o o .+..    |
[   44.497429] cloud-init[936]: +----[SHA256]-----+
[   44.497548] cloud-init[936]: Generating public/private ed25519 key pair.
[   44.497797] cloud-init[936]: Your identification has been saved in /etc/ssh/ssh_host_ed25519_key.
[   44.497925] cloud-init[936]: Your public key has been saved in /etc/ssh/ssh_host_ed25519_key.pub.
[0;32m  OK  [0m] Started LSB: MD monitoring daemon.
[   44.498049] cloud-init[936]: The key fingerprint is:
[   44.729633] cloud-init[936]: SHA256:G+hJNHVBRMgRJ1ATJMhbT7ZTaSW0A874oiq6RiwnMHk root@ubuntu-xenial
[   44.729876] cloud-init[936]: The key's randomart image is:
[   44.729989] cloud-init[936]: +--[ED25519 256]--+
[   44.730109] cloud-init[936]: |   . .o=@XX+.    |
[   44.730241] cloud-init[936]: |    o .*=*+o     |
[   44.730358] cloud-init[936]: | .   o++o+o      |
[   44.730478] cloud-init[936]: |+ E .. ++  .     |
[   44.730597] cloud-init[936]: |oo    + S.       |
[   44.730727] cloud-init[936]: |oo.  + o o       |
[   44.730845] cloud-init[936]: |oo  . o .        |
[   44.730968] cloud-init[936]: |.. .             |
[   44.731083] cloud-init[936]: |=o.              |
[   44.731203] cloud-init[936]: +----[SHA256]-----+
[[0;32m  OK  [0m] Started Login Service.
[   44.736431] cloud-init[1084]: Generating locales (this might take a while)...
[[0;32m  OK  [0m] Started Snappy daemon.
[[0;32m  OK  [0m] Started LSB: Record successful boot for GRUB.
[[0;32m  OK  [0m] Reached target Remote File Systems (Pre).
[[0;32m  OK  [0m] Reached target Remote File Systems.
         Starting Permit User Sessions...
         Starting LSB: daemon to balance interrupts for SMP systems...
         Starting LSB: VirtualBox Linux Additions...
         Starting LSB: Set the CPU Frequency Scaling governor to "ondemand"...
         Starting LSB: automatic crash report generation...
         Starting Authenticate and Authorize Users to Run Privileged Tasks...
[[0;32m  OK  [0m] Started Permit User Sessions.
[[0;32m  OK  [0m] Started LSB: Set the CPU Frequency Scaling governor to "ondemand".
         Starting Terminate Plymouth Boot Screen...
         Starting Hold until boot process finishes up...
[[0;32m  OK  [0m] Started LSB: daemon to balance interrupts for SMP systems.
[[0;32m  OK  [0m] Started LSB: automatic crash report generation.
[[0;32m  OK  [0m] Started Terminate Plymouth Boot Screen.
[[0;32m  OK  [0m] Started Hold until boot process finishes up.
[[0;32m  OK  [0m] Started Authenticate and Authorize Users to Run Privileged Tasks.
[[0;32m  OK  [0m] Started Pollinate to seed the pseudo random number generator.
[[0;32m  OK  [0m] Started LSB: VirtualBox Linux Additions.
[[0;32m  OK  [0m] Started Accounts Service.
         Starting OpenBSD Secure Shell server...
[[0;32m  OK  [0m] Started Getty on tty1.
         Starting Set console scheme...
[[0;32m  OK  [0m] Started Serial Getty on ttyS0.
[[0;32m  OK  [0m] Reached target Login Prompts.
[[0;32m  OK  [0m] Started OpenBSD Secure Shell server.
[[0;32m  OK  [0m] Started Set console scheme.
[[0;32m  OK  [0m] Reached target Multi-User System.
[[0;32m  OK  [0m] Reached target Graphical Interface.
         Starting Update UTMP about System Runlevel Changes...
[[0;32m  OK  [0m] Started Update UTMP about System Runlevel Changes.
[   46.200893] cloud-init[1084]:   en_US.UTF-8... done
[   46.225668] cloud-init[1084]: Generation complete.
[   46.953940] cloud-init[1084]: Cloud-init v. 17.2 running 'modules:config' at Sun, 25 Mar 2018 06:07:29 +0000. Up 44.29 seconds.
[[0;32m  OK  [0m] Started Apply the settings specified in cloud-config.
         Starting Execute cloud user/final scripts...
[[0;32m  OK  [0m] Created slice User Slice of vagrant.
         Starting User Manager for UID 1000...
[[0;32m  OK  [0m] Started Session 1 of user vagrant.
[[0;32m  OK  [0m] Started User Manager for UID 1000.
ci-info: no authorized ssh keys fingerprints found for user ubuntu.
<14>Mar 25 06:07:32 ec2: 
<14>Mar 25 06:07:32 ec2: #############################################################
<14>Mar 25 06:07:32 ec2: -----BEGIN SSH HOST KEY FINGERPRINTS-----
<14>Mar 25 06:07:32 ec2: 1024 SHA256:DSAeSvUi4D1YJYBYxjso/9HWufrRUU2dYr7WX5+Lk54 root@ubuntu-xenial (DSA)
<14>Mar 25 06:07:32 ec2: 256 SHA256:2r8dKhIDSHJmlLktMb4b2nG2Khm1zzdqMCvv7TIzqW4 root@ubuntu-xenial (ECDSA)
<14>Mar 25 06:07:32 ec2: 256 SHA256:G+hJNHVBRMgRJ1ATJMhbT7ZTaSW0A874oiq6RiwnMHk root@ubuntu-xenial (ED25519)
<14>Mar 25 06:07:32 ec2: 2048 SHA256:IZnHsaElyY3ICtjwIk/zjfwx1Pc79FqiFO2tw4N88eE root@ubuntu-xenial (RSA)
<14>Mar 25 06:07:32 ec2: -----END SSH HOST KEY FINGERPRINTS-----
<14>Mar 25 06:07:32 ec2: #############################################################
-----BEGIN SSH HOST KEY KEYS-----
ecdsa-sha2-nistp256 AAAAE2VjZHNhLXNoYTItbmlzdHAyNTYAAAAIbmlzdHAyNTYAAABBBM+5bKN/kKrGZkibBSo2bOubgbV5+ui9YdnSe/1pTxYBrQeSnvbACrG+mcTn8nKsQCl1fui8t+6IPQoBfkCvm8E= root@ubuntu-xenial
ssh-ed25519 AAAAC3NzaC1lZDI1NTE5AAAAIFOGYCBhxOdyNf3DdcxWG2UNcs4aeiH6Z098C3FJXqdc root@ubuntu-xenial
ssh-rsa AAAAB3NzaC1yc2EAAAADAQABAAABAQDRhSYsUSgX/wxj633BIqFzAP7Fawpk8NXCQW/CAmk2sM9V+h6AHt7qwQJ+iBtARhDjYA+xR0HE/oZ6FyK8X1xpP4clU7Zk0D0gPlLNP4SwifWK47gTaAo90hDCH0H9JhfAz1DBSZid6dDd3WL6n7qltWb5GNqowzsXuRqAxBaEuLUBvDFgvSipA5S7SaJ5v2A938/0Q8h5syk9CuYHQ12ZQ1sFdyuVk+8ixZPAf0Z5cMx/iU/Bm8p7m3W59QuwK+YUCi9p5L0GziFl8tnnRg22ZdKDRO1cYasSw+f92/2RHLJFQU+Gtw+S5R3DQ5BlmAG6aM4/1K1VE4yhzw2EUsul root@ubuntu-xenial
-----END SSH HOST KEY KEYS-----
[   47.791944] cloud-init[1296]: Cloud-init v. 17.2 running 'modules:final' at Sun, 25 Mar 2018 06:07:32 +0000. Up 47.24 seconds.
[   47.876760] cloud-init[1296]: ci-info: no authorized ssh keys fingerprints found for user ubuntu.
[   47.876903] cloud-init[1296]: Cloud-init v. 17.2 finished at Sun, 25 Mar 2018 06:07:32 +0000. Datasource DataSourceNoCloud [seed=/dev/sdb][dsmode=net].  Up 47.78 seconds
[[0;32m  OK  [0m] Started Execute cloud user/final scripts.
[[0;32m  OK  [0m] Reached target Cloud-init target.

Ubuntu 16.04.4 LTS ubuntu-xenial ttyS0

ubuntu-xenial login: [ 1109.844651] Out of memory: Kill process 24420 (genattrtab) score 568 or sacrifice child
[ 1109.869241] Killed process 24420 (genattrtab) total-vm:642284kB, anon-rss:574988kB, file-rss:1344kB
[ 1125.968692] Out of memory: Kill process 25000 (genattrtab) score 718 or sacrifice child
[ 1126.131634] Killed process 25000 (genattrtab) total-vm:782204kB, anon-rss:727296kB, file-rss:1224kB
[ 2851.705905] Out of memory: Kill process 31536 (genattrtab) score 590 or sacrifice child
[ 2851.712750] Killed process 31536 (genattrtab) total-vm:655088kB, anon-rss:597076kB, file-rss:1352kB
[ 2865.945139] Out of memory: Kill process 32115 (genattrtab) score 738 or sacrifice child
[ 2866.092746] Killed process 32115 (genattrtab) total-vm:805568kB, anon-rss:747432kB, file-rss:1448kB
[[0;32m  OK  [0m] Stopped target Graphical Interface.
         Stopping Accounts Service...
[[0;32m  OK  [0m] Stopped target Timers.
[[0;32m  OK  [0m] Stopped Daily apt upgrade and clean activities.
[[0;32m  OK  [0m] Stopped Daily Cleanup of Temporary Directories.
[[0;32m  OK  [0m] Stopped target Cloud-init target.
    [[0;32m  OK  [0m] Stopped Regular background program processing daemon.
[[0;32m  OK  [0m] Stopped Deferred execution scheduler.
[[0;32m  OK  [0m] Stopped Accounts Service.
[[0;32m  OK  [0m] Stopped Authenticate and Authorize Users to Run Privileged Tasks.
[[0;32m  OK  [0m] Stopped OpenBSD Secure Shell server.
[[0;32m  OK  [0m] Stopped ACPI event daemon.
[[0;32m  OK  [0m] Stopped Getty on tty1.
[[0;32m  OK  [0m] Stopped Serial Getty on ttyS0.
[[0;32m  OK  [0m] Stopped User Manager for UID 1000.
[[0;32m  OK  [0m] Stopped Session 10 of user vagrant.
[[0;32m  OK  [0m] Stopped D-Bus System Message Bus.
[[0;32m  OK  [0m] Unmounted /var/lib/lxcfs.
[[0;32m  OK  [0m] Stopped FUSE filesystem for LXC.
[[0;32m  OK  [0m] Stopped System Logging Service.
[[0;32m  OK  [0m] Stopped Unattended Upgrades Shutdown.
[[0;32m  OK  [0m] Stopped LXD - container startup/shutdown.
[[0;32m  OK  [0m] Stopped Snappy daemon.
[[0;32m  OK  [0m] Removed slice User Slice of vagrant.
         Stopping Login Service...
[[0;32m  OK  [0m] Removed slice system-serial\x2dgetty.slice.
         Stopping Permit User Sessions...
[[0;32m  OK  [0m] Removed slice system-getty.slice.
[[0;32m  OK  [0m] Stopped /etc/rc.local Compatibility.
[[0;32m  OK  [0m] Stopped LSB: Record successful boot for GRUB.
[[0;32m  OK  [0m] Stopped LSB: daemon to balance interrupts for SMP systems.
[[0;32m  OK  [0m] Stopped LSB: automatic crash report generation.
[[0;32m  OK  [0m] Stopped LSB: Set the CPU Frequency Scaling governor to "ondemand".
[[0;32m  OK  [0m] Stopped LSB: MD monitoring daemon.
[[0;32m  OK  [0m] Stopped Permit User Sessions.
[[0;32m  OK  [0m] Stopped LSB: VirtualBox Linux Additions.
[[0;32m  OK  [0m] Stopped Login Service.
[[0;32m  OK  [0m] Stopped target User and Group Name Lookups.
[[0;32m  OK  [0m] Stopped target Remote File Systems.
[[0;32m  OK  [0m] Stopped target Remote File Systems (Pre).
         Stopping Login to default iSCSI targets...
[[0;32m  OK  [0m] Stopped target Basic System.
[[0;32m  OK  [0m] Stopped target Paths.
[[0;32m  OK  [0m] Stopped Dispatch Password Requests to Console Directory Watch.
[[0;32m  OK  [0m] Stopped ACPI Events Check.
[[0;32m  OK  [0m] Stopped Forward Password Requests to Wall Directory Watch.
[[0;32m  OK  [0m] Stopped target Sockets.
[[0;32m  OK  [0m] Closed UUID daemon activation socket.
[[0;32m  OK  [0m] Closed ACPID Listen Socket.
[[0;32m  OK  [0m] Closed Syslog Socket.
[[0;32m  OK  [0m] Closed Socket activation for snappy daemon.
[[0;32m  OK  [0m] Closed LXD - unix socket.
[[0;32m  OK  [0m] Closed D-Bus System Message Bus Socket.
[[0;32m  OK  [0m] Stopped target Slices.
[[0;32m  OK  [0m] Removed slice User and Session Slice.
[[0;32m  OK  [0m] Stopped target System Initialization.
         Stopping Update UTMP about System Boot/Shutdown...
         Stopping Load/Save Random Seed...
[[0;32m  OK  [0m] Stopped target Swap.
[[0;32m  OK  [0m] Stopped Commit a transient machine-id on disk.
[[0;32m  OK  [0m] Stopped target Encrypted Volumes.
[[0;32m  OK  [0m] Stopped Load/Save Random Seed.
[[0;32m  OK  [0m] Stopped Update UTMP about System Boot/Shutdown.
[[0;32m  OK  [0m] Stopped Create Volatile Files and Directories.
[[0;32m  OK  [0m] Stopped Login to default iSCSI targets.
         Stopping iSCSI initiator daemon (iscsid)...
[[0;32m  OK  [0m] Stopped iSCSI initiator daemon (iscsid).
[[0;32m  OK  [0m] Stopped target Network is Online.
[[0;32m  OK  [0m] Stopped target Network.
[[0;32m  OK  [0m] Stopped Initial cloud-init job (metadata service crawler).
         Stopping Raise network interfaces...
[[0;32m  OK  [0m] Stopped Raise network interfaces.
[[0;32m  OK  [0m] Stopped target Local File Systems.
         Unmounting /run/user/1000...
         Unmounting /vagrant...
[[0;32m  OK  [0m] Stopped Apply Kernel Variables.
[[0;32m  OK  [0m] Stopped Load Kernel Modules.
[[0;32m  OK  [0m] Stopped target Network (Pre).
[[0;32m  OK  [0m] Stopped Initial cloud-init job (pre-networking).
[[0;32m  OK  [0m] Unmounted /run/user/1000.
[[0;32m  OK  [0m] Unmounted /vagrant.
[[0;32m  OK  [0m] Reached target Unmount All Filesystems.
[[0;32m  OK  [0m] Stopped target Local File Systems (Pre).
[[0;32m  OK  [0m] Stopped Remount Root and Kernel File Systems.
         Stopping Monitoring of LVM2 mirrors... dmeventd or progress polling...
[[0;32m  OK  [0m] Stopped Create Static Device Nodes in /dev.
[[0;32m  OK  [0m] Reached target Shutdown.
[ 5335.241303] reboot: Power down
